../BSP/ds1307.c:24:13:RTC_DS1307_I2C_PinConfig	32	static
../BSP/ds1307.c:51:13:RTC_DS1307_I2C_Config	8	static
../BSP/ds1307.c:77:9:RTC_DS1307_Init	16	static
../BSP/ds1307.c:113:6:RTC_DS1307_setTime	24	static
../BSP/ds1307.c:164:6:RTC_DS1307_getTime	24	static
../BSP/ds1307.c:219:6:RTC_DS1307_setFullDate	16	static
../BSP/ds1307.c:242:6:RTC_DS1307_getFullDate	16	static
../BSP/ds1307.c:259:9:RTC_DS1307_read	32	static
../BSP/ds1307.c:288:6:RTC_DS1307_write	32	static
../BSP/ds1307.c:312:16:BCDtobin	24	static
../BSP/ds1307.c:333:16:bintoBCD	24	static
