../BSP/ds1307.c:24:13:RTC_DS1307_I2C_PinConfig	32	static
../BSP/ds1307.c:51:13:RTC_DS1307_I2C_Config	8	static
../BSP/ds1307.c:77:9:RTC_DS1307_Init	16	static
../BSP/ds1307.c:113:6:RTC_DS1307_setTime	24	static
../BSP/ds1307.c:164:6:RTC_DS1307_getTime	16	static
../BSP/ds1307.c:184:6:RTC_DS1307_setFullDate	24	static
../BSP/ds1307.c:225:6:RTC_DS1307_getFullDate	16	static
../BSP/ds1307.c:242:9:RTC_DS1307_read	32	static
../BSP/ds1307.c:271:6:RTC_DS1307_write	32	static
../BSP/ds1307.c:295:16:BCDtobin	24	static
../BSP/ds1307.c:316:16:bintoBCD	24	static
